== output_control_by_class.py :: que salida controla cada clase ==
ENTORNO python=3.12.14 numpy=2.5.3 pandas=3.0.5 pyarrow=25.0.1 scipy=1.18.1 maquina=brain-env
PARAMETROS seed=20261010 r_nulo=10000 r_control=2000 p_flag=0.001 tol_control=0.05
INPUT parquet /workspace/connectivity.parquet bytes=100804642 md5=3d802fd542b5d18570ba1ba0bb0abed9 pin_ok=True
INPUT annotations /workspace/annotations.tsv bytes=31718505 md5=719904abad876c68ace1b5690c9b9b63 pin_ok=True
GRAFO n_nodos=138639 n_aristas=15091983 nodos_sin_id=0 ids_unicos=138639 mapeo_biyectivo=True indice_es_rango_ordenado=True autolazos=0 sinapsis_total=54492922 excitatory_valores={'-1': 6032681, '1': 9059302}
ANOTACION filas=139248 duplicados=0 nodos_sin_fila=14 super_class_vacia=0
CLASES ascending=1736 central=32379 descending=1299 endocrine=76 motor=110 optic=77530 sensory=16352 sensory_ascending=581 visual_centrifugal=524 visual_projection=8038 sin_anotacion=14
SALIDAS descending=1299 motor=110 endocrine=76
SALIDAS_FINAS descending=1299 motor:ingestion_motor_neuron=28 motor:neck_motor_neuron=26 motor:proboscis_motor_neuron=24 motor:antennal_motor_neuron=10 motor:crop_motor_neuron=8 motor:eye_motor_neuron=4 motor:haustellum_motor_neuron=4 motor:sin_subclase=4 motor:salivary_motor_neuron=2 endocrine:IPC=18 endocrine:lNSC_unknown=14 endocrine:mNSC_unknown=10 endocrine:CRZ=6 endocrine:DH31=6 endocrine:DH44=6 endocrine:DMS=6 endocrine:Hugin-RG=4 endocrine:ITP=4 endocrine:CAPA=2
== VARIANTE >=1 sinapsis | aristas=15091983 | sinapsis=54492922 | neuronas_con_entrada=137090 ==
-- SALIDA descending [>=1] | n=1299 | con_entrada=1299 | sinapsis_entrada=2213351 | suma_D2=0.9984 | empates=8
clase                 fila%     D1%  nulo1%   enr1 flag1     D2%  nulo2%   enr2 flag2 cobert%    exc% domina
ascending             18.36   12.98    1.86   6.97 SOBRE   12.71    1.92   6.63 SOBRE   98.85   59.94     54
central                6.94   60.23   25.18   2.39 SOBRE   59.77   23.95   2.50 SOBRE   99.69   50.83   1051
descending            34.65   15.17    1.03  14.78 SOBRE   10.47    0.97  10.83 SOBRE   99.08   59.44    121
endocrine             13.96    0.01    0.00   4.80 azar     0.02    0.00   6.16 SOBRE    2.77  100.00      0
motor                  4.89    0.06    0.01   4.85 azar     0.09    0.02   5.81 SOBRE   19.32   78.23      0
optic                  0.03    0.45   61.60   0.01 BAJO     3.64   59.93   0.06 BAJO    12.39   35.46      1
sensory                7.67    4.28    3.43   1.25 azar     4.91    5.23   0.94 azar    41.42   99.58     41
sensory_ascending     10.61    1.62    0.24   6.69 SOBRE    1.54    0.21   7.16 SOBRE   32.49   78.16     14
visual_centrifugal     0.88    0.58    2.74   0.21 BAJO     0.95    3.17   0.30 BAJO    46.42   53.01      0
visual_projection      3.77    4.61    3.90   1.18 azar     5.75    4.28   1.34 SOBRE   60.12   80.62      9
sin_anotacion          0.21    0.00    0.00   0.04 azar     0.00    0.00   1.18 azar     0.08    0.00      0
-- SALIDA motor [>=1] | n=110 | con_entrada=110 | sinapsis_entrada=244929 | suma_D2=0.9983 | empates=0
clase                 fila%     D1%  nulo1%   enr1 flag1     D2%  nulo2%   enr2 flag2 cobert%    exc% domina
ascending              0.91    6.92    1.87   3.69 SOBRE   10.55    1.92   5.48 SOBRE   84.55   65.41      2
central                0.83   64.34   25.18   2.55 SOBRE   62.56   23.96   2.61 SOBRE  100.00   43.72     90
descending             5.85   21.48    1.04  20.67 SOBRE   15.01    0.97  15.45 SOBRE   92.73   57.66     17
endocrine              1.54    0.15    0.00  65.25 azar     0.10    0.00  36.60 SOBRE    4.55  100.00      0
motor                 28.87    1.03    0.01  82.62 SOBRE    0.86    0.02  55.08 SOBRE   93.64   55.87      0
optic                  0.00    0.00   61.57   0.00 BAJO     0.37   59.91   0.01 BAJO     3.64    0.00      0
sensory                0.59    3.57    3.45   1.03 azar     7.41    5.24   1.41 azar    77.27   86.74      0
sensory_ascending      4.79    1.48    0.25   6.00 azar     1.31    0.22   6.00 azar    37.27   63.16      1
visual_centrifugal     0.00    0.03    2.74   0.01 BAJO     0.32    3.17   0.10 BAJO    14.55   80.60      0
visual_projection      0.04    1.01    3.89   0.26 BAJO     1.35    4.26   0.32 BAJO    24.55   57.23      0
sin_anotacion          0.00    0.00    0.00   0.00 azar     0.00    0.00   0.03 BAJO     0.00     nan      0
-- SALIDA endocrine [>=1] | n=76 | con_entrada=73 | sinapsis_entrada=24045 | suma_D2=0.9999 | empates=0
clase                 fila%     D1%  nulo1%   enr1 flag1     D2%  nulo2%   enr2 flag2 cobert%    exc% domina
ascending              0.21   15.93    1.86   8.57 SOBRE   11.40    1.91   5.95 SOBRE   93.42   51.55      7
central                0.09   73.03   25.15   2.90 SOBRE   73.30   23.93   3.06 SOBRE   96.05   54.67     62
descending             0.17    4.37    1.02   4.30 SOBRE    6.69    0.96   6.94 SOBRE   64.47   50.89      0
endocrine              7.70    0.69    0.00 289.17 SOBRE    1.02    0.00 369.60 SOBRE   50.00  100.00      0
motor                  0.04    0.02    0.01   1.80 azar     0.03    0.02   1.81 azar     6.58  100.00      0
optic                  0.00    0.00   61.64   0.00 BAJO     0.16   59.98   0.00 BAJO     0.00     nan      0
sensory                0.08    4.27    3.44   1.24 azar     5.41    5.22   1.04 azar    27.63  100.00      4
sensory_ascending      0.75    1.31    0.25   5.33 azar     1.16    0.22   5.34 azar    38.16   19.63      0
visual_centrifugal     0.00    0.00    2.74   0.00 BAJO     0.13    3.17   0.04 BAJO     0.00     nan      0
visual_projection      0.00    0.37    3.89   0.10 BAJO     0.72    4.27   0.17 BAJO    13.16  100.00      0
sin_anotacion          0.00    0.00    0.00   0.00 azar     0.00    0.00   0.00 BAJO     0.00     nan      0
-- QUIEN CONTROLA CADA SALIDA FINA [>=1] (D1, top 3; enr = D1/nulo) --
FINA [>=1] descending                               n=1299 con_entrada=1299 : central 60.23% x2.39 SOBRE | descending 15.17% x14.78 SOBRE | ascending 12.98% x6.97 SOBRE
FINA [>=1] motor:ingestion_motor_neuron             n=  28 con_entrada=  28 : central 83.66% x3.33 SOBRE | descending 6.38% x6.21 SOBRE | sensory 6.03% x1.75 azar
FINA [>=1] motor:neck_motor_neuron                  n=  26 con_entrada=  26 : central 40.15% x1.59 azar | descending 39.96% x39.48 SOBRE | ascending 9.98% x5.38 SOBRE
FINA [>=1] motor:proboscis_motor_neuron             n=  24 con_entrada=  24 : central 68.85% x2.73 SOBRE | descending 24.72% x24.29 SOBRE | ascending 4.04% x2.19 azar
FINA [>=1] motor:antennal_motor_neuron              n=  10 con_entrada=  10 : central 50.52% x2.01 azar | descending 32.06% x30.44 SOBRE | ascending 13.41% x7.07 azar
FINA [>=1] motor:crop_motor_neuron                  n=   8 con_entrada=   8 : central 86.42% x3.41 SOBRE | sensory 12.42% x3.56 azar | motor 0.77% x60.34 azar
FINA [>=1] motor:eye_motor_neuron                   n=   4 con_entrada=   4 : central 78.09% x3.11 azar | descending 13.63% x13.31 azar | ascending 3.82% x2.07 azar
FINA [>=1] motor:haustellum_motor_neuron            n=   4 con_entrada=   4 : central 74.46% x2.96 azar | descending 12.10% x11.82 azar | ascending 8.53% x4.62 azar
FINA [>=1] motor:sin_subclase                       n=   4 con_entrada=   4 : ascending 42.45% x23.00 SOBRE | descending 28.08% x27.43 SOBRE | central 20.11% x0.80 azar
FINA [>=1] motor:salivary_motor_neuron              n=   2 con_entrada=   2 : central 75.45% x3.04 azar | descending 7.58% x7.70 azar | sensory 6.92% x2.04 azar
FINA [>=1] endocrine:IPC                            n=  18 con_entrada=  18 : central 87.94% x3.52 SOBRE | ascending 11.05% x5.98 SOBRE | descending 0.50% x0.49 azar
FINA [>=1] endocrine:lNSC_unknown                   n=  14 con_entrada=  14 : central 68.10% x2.71 SOBRE | ascending 30.48% x16.21 SOBRE | visual_projection 0.92% x0.24 azar
FINA [>=1] endocrine:mNSC_unknown                   n=  10 con_entrada=  10 : central 88.56% x3.52 SOBRE | ascending 4.97% x2.62 azar | endocrine 2.80% x1273.36 SOBRE
FINA [>=1] endocrine:CRZ                            n=   6 con_entrada=   6 : sensory 29.68% x8.53 azar | ascending 23.84% x12.56 SOBRE | central 23.79% x0.96 azar
FINA [>=1] endocrine:DH31                           n=   6 con_entrada=   6 : central 94.73% x3.81 SOBRE | visual_projection 2.12% x0.54 azar | descending 1.61% x1.56 azar
FINA [>=1] endocrine:DH44                           n=   6 con_entrada=   6 : central 90.92% x3.66 SOBRE | descending 4.97% x4.83 azar | ascending 3.13% x1.65 azar
FINA [>=1] endocrine:DMS                            n=   6 con_entrada=   6 : central 63.76% x2.56 azar | sensory 15.18% x4.37 azar | ascending 8.54% x4.50 azar
FINA [>=1] endocrine:Hugin-RG                       n=   4 con_entrada=   4 : ascending 61.08% x33.10 SOBRE | central 19.32% x0.77 azar | descending 18.72% x18.29 azar
FINA [>=1] endocrine:ITP                            n=   4 con_entrada=   1 : central 100.00% x3.89 azar | ascending 0.00% x0.00 azar | descending 0.00% x0.00 azar
FINA [>=1] endocrine:CAPA                           n=   2 con_entrada=   2 : central 46.31% x1.86 azar | sensory 18.19% x5.36 azar | descending 14.93% x15.16 azar
-- QUE SALIDA CONTROLA CADA CLASE [>=1] (salidas finas con D1 SOBRE el azar, por enr) --
QUE_CONTROLA [>=1] ascending: endocrine:Hugin-RG x33.10 (D1 61.08%), motor:sin_subclase x23.00 (D1 42.45%), endocrine:lNSC_unknown x16.21 (D1 30.48%), endocrine:CRZ x12.56 (D1 23.84%) | mayor_voto: endocrine:Hugin-RG (D1 61.08%) | nivel1: descending SOBRE, motor SOBRE, endocrine SOBRE | a_salidas 19.48% de sus sinapsis
QUE_CONTROLA [>=1] central: endocrine:DH31 x3.81 (D1 94.73%), endocrine:DH44 x3.66 (D1 90.92%), endocrine:mNSC_unknown x3.52 (D1 88.56%), endocrine:IPC x3.52 (D1 87.94%) | mayor_voto: endocrine:ITP (D1 100.00%) | nivel1: descending SOBRE, motor SOBRE, endocrine SOBRE | a_salidas 7.86% de sus sinapsis
QUE_CONTROLA [>=1] descending: motor:neck_motor_neuron x39.48 (D1 39.96%), motor:antennal_motor_neuron x30.44 (D1 32.06%), motor:sin_subclase x27.43 (D1 28.08%), motor:proboscis_motor_neuron x24.29 (D1 24.72%) | mayor_voto: motor:neck_motor_neuron (D1 39.96%) | nivel1: descending SOBRE, motor SOBRE, endocrine SOBRE | a_salidas 40.67% de sus sinapsis
QUE_CONTROLA [>=1] endocrine: motor:sin_subclase x1468.83 (D1 4.05%), endocrine:mNSC_unknown x1273.36 (D1 2.80%), endocrine:CRZ x527.85 (D1 1.21%), endocrine:DMS x173.27 (D1 0.40%) | mayor_voto: motor:sin_subclase (D1 4.05%) | nivel1: descending azar, motor azar, endocrine SOBRE | a_salidas 23.20% de sus sinapsis
QUE_CONTROLA [>=1] motor: motor:ingestion_motor_neuron x231.71 (D1 2.60%), motor:sin_subclase x192.15 (D1 2.21%) | mayor_voto: motor:ingestion_motor_neuron (D1 2.60%) | nivel1: descending azar, motor SOBRE, endocrine azar | a_salidas 33.80% de sus sinapsis
QUE_CONTROLA [>=1] optic: ninguna sobre el azar | mayor_voto: descending (D1 0.45%) | nivel1: descending BAJO, motor BAJO, endocrine BAJO | a_salidas 0.03% de sus sinapsis
QUE_CONTROLA [>=1] sensory: ninguna sobre el azar | mayor_voto: endocrine:CRZ (D1 29.68%) | nivel1: descending azar, motor azar, endocrine azar | a_salidas 8.33% de sus sinapsis
QUE_CONTROLA [>=1] sensory_ascending: motor:neck_motor_neuron x23.51 (D1 5.56%), descending x6.69 (D1 1.62%) | mayor_voto: endocrine:CAPA (D1 9.17%) | nivel1: descending SOBRE, motor azar, endocrine azar | a_salidas 16.14% de sus sinapsis
QUE_CONTROLA [>=1] visual_centrifugal: ninguna sobre el azar | mayor_voto: descending (D1 0.58%) | nivel1: descending BAJO, motor BAJO, endocrine BAJO | a_salidas 0.88% de sus sinapsis
QUE_CONTROLA [>=1] visual_projection: ninguna sobre el azar | mayor_voto: descending (D1 4.61%) | nivel1: descending azar, motor BAJO, endocrine BAJO | a_salidas 3.81% de sus sinapsis
QUE_CONTROLA [>=1] sin_anotacion: ninguna sobre el azar | mayor_voto: descending (D1 0.00%) | nivel1: descending azar, motor azar, endocrine azar | a_salidas 0.21% de sus sinapsis
== VARIANTE >=5 sinapsis | aristas=2700513 | sinapsis=34153566 | neuronas_con_entrada=125192 ==
-- SALIDA descending [>=5] | n=1299 | con_entrada=1262 | sinapsis_entrada=1808864 | suma_D2=0.9473 | empates=8
clase                 fila%     D1%  nulo1%   enr1 flag1     D2%  nulo2%   enr2 flag2 cobert%    exc% domina
ascending             19.00   13.62    1.72   7.90 SOBRE   12.67    1.92   6.60 SOBRE   82.68   58.07     81
central                8.38   62.42   26.97   2.31 SOBRE   58.40   24.54   2.38 SOBRE   95.15   50.39   1000
descending            39.27   14.43    0.82  17.52 SOBRE    9.82    0.76  12.89 SOBRE   75.90   57.58    125
endocrine             32.49    0.01    0.00   5.69 azar     0.01    0.00   4.17 azar     0.15  100.00      0
motor                  0.95    0.00    0.00   0.99 azar     0.02    0.01   4.56 SOBRE    0.77   51.58      0
optic                  0.03    0.33   61.55   0.01 BAJO     2.71   57.53   0.05 BAJO     4.46   12.70      0
sensory                7.07    3.43    2.40   1.43 SOBRE    3.82    5.46   0.70 BAJO    23.63   99.54     32
sensory_ascending      8.00    0.88    0.12   7.55 SOBRE    0.70    0.11   6.35 SOBRE    8.55   75.56      5
visual_centrifugal     1.03    0.51    3.28   0.16 BAJO     0.89    3.48   0.26 BAJO    12.78   52.89      0
visual_projection      5.20    4.37    3.13   1.40 SOBRE    5.68    4.01   1.42 SOBRE   36.72   79.83     11
sin_anotacion          0.00    0.00    0.00   0.00 azar     0.00    0.00   2.93 azar     0.00     nan      0
-- SALIDA motor [>=5] | n=110 | con_entrada=109 | sinapsis_entrada=223047 | suma_D2=0.9551 | empates=0
clase                 fila%     D1%  nulo1%   enr1 flag1     D2%  nulo2%   enr2 flag2 cobert%    exc% domina
ascending              0.93    6.62    1.72   3.86 SOBRE    9.19    1.92   4.78 SOBRE   70.91   63.55      3
central                1.12   65.54   27.04   2.42 SOBRE   62.93   24.59   2.56 SOBRE   97.27   43.81     88
descending             7.21   21.89    0.83  26.45 SOBRE   14.10    0.76  18.46 SOBRE   80.91   56.72     17
endocrine              0.00    0.00    0.00   0.00 azar     0.00    0.00   0.39 azar     0.00     nan      0
motor                 35.38    0.68    0.00 144.89 SOBRE    0.57    0.01 103.45 SOBRE   29.09   50.37      0
optic                  0.00    0.00   61.47   0.00 BAJO     0.27   57.46   0.00 BAJO     0.00     nan      0
sensory                0.70    3.15    2.41   1.30 azar     6.15    5.48   1.12 azar    53.64   84.74      0
sensory_ascending      4.83    1.03    0.12   8.81 azar     0.66    0.11   6.00 azar    16.36   49.81      1
visual_centrifugal     0.00    0.01    3.28   0.00 BAJO     0.29    3.48   0.08 BAJO     3.64  100.00      0
visual_projection      0.06    1.08    3.13   0.35 azar     1.35    4.00   0.34 BAJO    14.55   52.69      0
sin_anotacion          0.00    0.00    0.00   0.00 azar     0.00    0.00   0.04 azar     0.00     nan      0
-- SALIDA endocrine [>=5] | n=76 | con_entrada=69 | sinapsis_entrada=16410 | suma_D2=0.9316 | empates=1
clase                 fila%     D1%  nulo1%   enr1 flag1     D2%  nulo2%   enr2 flag2 cobert%    exc% domina
ascending              0.21   20.31    1.73  11.71 SOBRE   11.83    1.93   6.14 SOBRE   72.37   49.01     10
central                0.08   67.88   27.00   2.51 SOBRE   66.46   24.55   2.71 SOBRE   86.84   51.87     54
descending             0.16    4.31    0.83   5.21 SOBRE    7.33    0.76   9.61 SOBRE   35.53   48.04      0
endocrine              0.00    0.00    0.00   0.00 azar     2.33    0.00 614.45 SOBRE    0.00     nan      0
motor                  0.00    0.00    0.00   0.00 azar     0.00    0.01   0.00 azar     0.00     nan      0
optic                  0.00    0.00   61.49   0.00 BAJO     0.01   57.49   0.00 BAJO     0.00     nan      0
sensory                0.10    6.16    2.39   2.57 azar     3.95    5.47   0.72 azar    15.79  100.00      4
sensory_ascending      0.86    1.24    0.12  10.63 azar     0.79    0.11   7.08 azar    13.16   12.59      0
visual_centrifugal     0.00    0.00    3.28   0.00 BAJO     0.01    3.48   0.00 BAJO     0.00     nan      0
visual_projection      0.00    0.11    3.14   0.04 BAJO     0.44    4.01   0.11 BAJO     5.26  100.00      0
sin_anotacion          0.00    0.00    0.00   0.00 azar     0.00    0.00   0.00 azar     0.00     nan      0
-- QUIEN CONTROLA CADA SALIDA FINA [>=5] (D1, top 3; enr = D1/nulo) --
FINA [>=5] descending                               n=1299 con_entrada=1262 : central 62.42% x2.31 SOBRE | descending 14.43% x17.52 SOBRE | ascending 13.62% x7.90 SOBRE
FINA [>=5] motor:ingestion_motor_neuron             n=  28 con_entrada=  28 : central 84.99% x3.16 SOBRE | descending 5.89% x7.08 azar | sensory 5.73% x2.36 azar
FINA [>=5] motor:neck_motor_neuron                  n=  26 con_entrada=  26 : descending 43.07% x52.02 SOBRE | central 40.76% x1.50 azar | ascending 8.00% x4.65 azar
FINA [>=5] motor:proboscis_motor_neuron             n=  24 con_entrada=  24 : central 69.58% x2.56 SOBRE | descending 25.12% x30.60 SOBRE | ascending 3.44% x1.98 azar
FINA [>=5] motor:antennal_motor_neuron              n=  10 con_entrada=  10 : central 51.93% x1.94 azar | descending 32.26% x39.52 SOBRE | ascending 12.90% x7.51 azar
FINA [>=5] motor:crop_motor_neuron                  n=   8 con_entrada=   8 : central 88.87% x3.27 SOBRE | sensory 10.71% x4.66 azar | motor 0.41% x105.68 azar
FINA [>=5] motor:eye_motor_neuron                   n=   4 con_entrada=   4 : central 79.32% x2.91 azar | descending 13.70% x16.90 azar | ascending 3.42% x1.97 azar
FINA [>=5] motor:haustellum_motor_neuron            n=   4 con_entrada=   4 : central 78.05% x2.86 azar | descending 11.17% x13.77 azar | ascending 7.82% x4.50 azar
FINA [>=5] motor:sin_subclase                       n=   4 con_entrada=   3 : ascending 71.32% x41.39 SOBRE | descending 22.37% x27.16 azar | central 6.30% x0.23 azar
FINA [>=5] motor:salivary_motor_neuron              n=   2 con_entrada=   2 : central 77.98% x2.91 azar | ascending 6.69% x3.73 azar | sensory 6.62% x2.79 azar
FINA [>=5] endocrine:IPC                            n=  18 con_entrada=  18 : central 82.13% x3.09 SOBRE | ascending 17.61% x10.39 SOBRE | descending 0.26% x0.32 azar
FINA [>=5] endocrine:lNSC_unknown                   n=  14 con_entrada=  14 : central 58.86% x2.19 azar | ascending 41.14% x23.47 SOBRE | descending 0.00% x0.00 azar
FINA [>=5] endocrine:mNSC_unknown                   n=  10 con_entrada=   7 : central 96.83% x3.60 SOBRE | ascending 3.17% x1.87 azar | descending 0.00% x0.00 azar
FINA [>=5] endocrine:CRZ                            n=   6 con_entrada=   6 : sensory 46.33% x18.67 SOBRE | ascending 21.64% x12.64 azar | descending 17.49% x21.64 azar
FINA [>=5] endocrine:DH31                           n=   6 con_entrada=   6 : central 97.03% x3.62 SOBRE | visual_projection 1.31% x0.42 azar | ascending 0.88% x0.51 azar
FINA [>=5] endocrine:DH44                           n=   6 con_entrada=   6 : central 93.94% x3.51 SOBRE | descending 3.96% x4.90 azar | ascending 1.41% x0.83 azar
FINA [>=5] endocrine:DMS                            n=   6 con_entrada=   6 : central 61.48% x2.29 azar | sensory 16.95% x6.83 azar | descending 8.64% x10.69 azar
FINA [>=5] endocrine:Hugin-RG                       n=   4 con_entrada=   4 : ascending 72.30% x41.61 SOBRE | descending 19.91% x24.56 azar | central 7.79% x0.29 azar
FINA [>=5] endocrine:ITP                            n=   4 con_entrada=   0 : ascending nan% xnan NA | central nan% xnan NA | descending nan% xnan NA
FINA [>=5] endocrine:CAPA                           n=   2 con_entrada=   2 : central 47.08% x1.75 azar | sensory 20.51% x8.63 azar | descending 13.83% x15.36 azar
-- QUE SALIDA CONTROLA CADA CLASE [>=5] (salidas finas con D1 SOBRE el azar, por enr) --
QUE_CONTROLA [>=5] ascending: endocrine:Hugin-RG x41.61 (D1 72.30%), motor:sin_subclase x41.39 (D1 71.32%), endocrine:lNSC_unknown x23.47 (D1 41.14%), endocrine:IPC x10.39 (D1 17.61%) | mayor_voto: endocrine:Hugin-RG (D1 72.30%) | nivel1: descending SOBRE, motor SOBRE, endocrine SOBRE | a_salidas 20.15% de sus sinapsis
QUE_CONTROLA [>=5] central: endocrine:DH31 x3.62 (D1 97.03%), endocrine:mNSC_unknown x3.60 (D1 96.83%), endocrine:DH44 x3.51 (D1 93.94%), motor:crop_motor_neuron x3.27 (D1 88.87%) | mayor_voto: endocrine:DH31 (D1 97.03%) | nivel1: descending SOBRE, motor SOBRE, endocrine SOBRE | a_salidas 9.59% de sus sinapsis
QUE_CONTROLA [>=5] descending: motor:neck_motor_neuron x52.02 (D1 43.07%), motor:antennal_motor_neuron x39.52 (D1 32.26%), motor:proboscis_motor_neuron x30.60 (D1 25.12%), descending x17.52 (D1 14.43%) | mayor_voto: motor:neck_motor_neuron (D1 43.07%) | nivel1: descending SOBRE, motor SOBRE, endocrine SOBRE | a_salidas 46.65% de sus sinapsis
QUE_CONTROLA [>=5] endocrine: ninguna sobre el azar | mayor_voto: descending (D1 0.01%) | nivel1: descending azar, motor azar, endocrine azar | a_salidas 32.49% de sus sinapsis
QUE_CONTROLA [>=5] motor: motor:ingestion_motor_neuron x482.01 (D1 2.32%) | mayor_voto: motor:ingestion_motor_neuron (D1 2.32%) | nivel1: descending azar, motor SOBRE, endocrine azar | a_salidas 36.33% de sus sinapsis
QUE_CONTROLA [>=5] optic: ninguna sobre el azar | mayor_voto: descending (D1 0.33%) | nivel1: descending BAJO, motor BAJO, endocrine BAJO | a_salidas 0.03% de sus sinapsis
QUE_CONTROLA [>=5] sensory: endocrine:CRZ x18.67 (D1 46.33%), descending x1.43 (D1 3.43%) | mayor_voto: endocrine:CRZ (D1 46.33%) | nivel1: descending SOBRE, motor azar, endocrine azar | a_salidas 7.87% de sus sinapsis
QUE_CONTROLA [>=5] sensory_ascending: descending x7.55 (D1 0.88%) | mayor_voto: endocrine:CAPA (D1 9.70%) | nivel1: descending SOBRE, motor azar, endocrine azar | a_salidas 13.69% de sus sinapsis
QUE_CONTROLA [>=5] visual_centrifugal: ninguna sobre el azar | mayor_voto: descending (D1 0.51%) | nivel1: descending BAJO, motor BAJO, endocrine BAJO | a_salidas 1.03% de sus sinapsis
QUE_CONTROLA [>=5] visual_projection: descending x1.40 (D1 4.37%) | mayor_voto: descending (D1 4.37%) | nivel1: descending SOBRE, motor azar, endocrine BAJO | a_salidas 5.27% de sus sinapsis
QUE_CONTROLA [>=5] sin_anotacion: ninguna sobre el azar | mayor_voto: motor:sin_subclase (D1 0.00%) | nivel1: descending azar, motor azar, endocrine azar | a_salidas 0.00% de sus sinapsis
-- TIPOS DE DESCENDENTES MAS ALIMENTADOS POR CADA CLASE [>=5] (top 3 por sinapsis) --
DN_TOP [>=5] ascending          : DNge049(2n) 4998 sin 2.77% ; DNge037(2n) 4041 sin 2.24% ; DNg35(2n) 3898 sin 2.16%
DN_TOP [>=5] central            : DNa03(2n) 23394 sin 1.91% ; DNa13(4n) 23357 sin 1.90% ; DNa02(2n) 20185 sin 1.64%
DN_TOP [>=5] descending         : DNg16(2n) 5638 sin 2.73% ; DNg100(2n) 4917 sin 2.38% ; DNge037(2n) 4915 sin 2.38%
DN_TOP [>=5] endocrine          : DNg27(2n) 77 sin 100.00%
DN_TOP [>=5] motor              : DNg28(4n) 27 sin 28.42% ; DNge003(2n) 13 sin 13.68% ; DNge059(2n) 13 sin 13.68%
DN_TOP [>=5] optic              : DNp11(2n) 1040 sin 29.60% ; DNpe014(4n) 799 sin 22.74% ; DNp41(4n) 400 sin 11.39%
DN_TOP [>=5] sensory            : DNg35(2n) 5234 sin 9.26% ; DNg15(2n) 5090 sin 9.01% ; DNg84(2n) 3958 sin 7.01%
DN_TOP [>=5] sensory_ascending  : DNg26(4n) 314 sin 12.18% ; DNg103(2n) 286 sin 11.09% ; DNpe007(2n) 255 sin 9.89%
DN_TOP [>=5] visual_centrifugal : DNpe017(2n) 891 sin 9.94% ; DNpe016(2n) 843 sin 9.41% ; DNpe014(4n) 737 sin 8.22%
DN_TOP [>=5] visual_projection  : DNb05(2n) 7330 sin 5.96% ; DNp31(2n) 5659 sin 4.60% ; DNp35(2n) 5524 sin 4.49%
DN_TOP [>=5] sin_anotacion      : -
CHEQUEO mapeo_biyectivo=True indice_es_rango_ordenado=True autolazos=0
CRUCE_TABLA7 PASS sin_umbral_igual=True umbral_5_igual=True clases_igual=True max_dif_sin_umbral=0 max_dif_umbral_5=0 json=results/table7_reconstruida_2026-10-10/table7_reciprocity_by_class.json json_md5=6e395935380145ad429924957c09d649
SUMA_D1 max_desvio_>=1=2.220e-16 max_desvio_>=5=2.220e-16 OK=True
UMBRAL5_ARISTAS 2700513 erratum_item5=2700513 igual=True
CONTROL_NEGATIVO [>=1] flags_permutado=8/242 tolerancia=12.1 flags_reales=70/242 OK=True
CONTROL_NEGATIVO [>=5] flags_permutado=6/231 tolerancia=11.6 flags_reales=47/231 OK=True
JSON results/output_control_2026-10-10/output_control_by_class.json md5=6f76578ab8f8e1ed5f1da005f559118e
VEREDICTO_MEDICION PASS
FIN_SALIDAS segundos=58.8
